// Jest Snapshot v1, https://goo.gl/fbAQLP

exports[`Pruebas en <HeroCard/> Validar la informaci√≥n de las tarjetas 1`] = `ShallowWrapper {}`;
