// Jest Snapshot v1, https://goo.gl/fbAQLP

exports[`Pruebas del componente <HeroScreen /> El componente debe funcionar correctamente 1`] = `ReactWrapper {}`;
