// Jest Snapshot v1, https://goo.gl/fbAQLP

exports[`Prueba con componente <Navbar/> Validar el contenido del nombre del usuario 1`] = `ReactWrapper {}`;
